============================= test session starts ==============================
platform darwin -- Python 3.12.11, pytest-9.1.1, pluggy-1.6.0 -- /Users/rushik/Documents/crash-proof-team-of-coding-agents/.venv/bin/python
cachedir: .pytest_cache
rootdir: /private/var/folders/gt/9whmndk54md8mmprpdgx99080000gn/T/temporal-claude/claude-backend-resolve-pr-25-08c91e5
plugins: anyio-4.14.1, asyncio-0.21.1
asyncio: mode=Mode.STRICT
collecting ... collected 16 items

test_app.py::test_health_returns_200 PASSED                              [  6%]
test_app.py::test_health_returns_ok_status PASSED                        [ 12%]
test_app.py::test_health_started_at_is_valid_iso8601 PASSED              [ 18%]
test_app.py::test_health_returns_version_field PASSED                    [ 25%]
test_app.py::test_health_includes_uptime_seconds PASSED                  [ 31%]
test_app.py::test_health_uptime_seconds_is_non_negative PASSED           [ 37%]
test_app.py::test_version_returns_200 PASSED                             [ 43%]
test_app.py::test_version_returns_correct_version PASSED                 [ 50%]
test_app.py::test_ping_returns_200 PASSED                                [ 56%]
test_app.py::test_ping_returns_pong PASSED                               [ 62%]
test_app.py::test_health_version_equals_version_endpoint PASSED          [ 68%]
test_app.py::test_health_reports_running_python PASSED                   [ 75%]
test_app.py::test_health_includes_checks_passed PASSED                   [ 81%]
test_app.py::test_checks_passed_increments_across_calls PASSED           [ 87%]
test_app.py::test_health_service_field_present PASSED                    [ 93%]
test_app.py::test_health_service_field_equals_demo_api PASSED            [100%]

=============================== warnings summary ===============================
../../../../../../../../Users/rushik/Documents/crash-proof-team-of-coding-agents/.venv/lib/python3.12/site-packages/fastapi/testclient.py:1
  /Users/rushik/Documents/crash-proof-team-of-coding-agents/.venv/lib/python3.12/site-packages/fastapi/testclient.py:1: StarletteDeprecationWarning: Using `httpx` with `starlette.testclient` is deprecated; install `httpx2` instead.
    from starlette.testclient import TestClient as TestClient  # noqa

-- Docs: https://docs.pytest.org/en/capture-output.html
======================== 16 passed, 1 warning in 0.51s =========================
